2025-10-03 08:00:00 INFO demarrage de l'application
2025-10-03 08:03:00 INFO connexion a la base reussie
2025-10-03 08:06:00 INFO utilisateur alice connecte
2025-10-03 08:09:00 WARNING disque a 85 pour cent
2025-10-03 08:12:00 INFO utilisateur bob connecte
2025-10-03 08:15:00 ERROR timeout vers le service adhesion
2025-10-03 08:18:00 INFO nouvelle requete /adhesion
2025-10-03 08:21:00 DEBUG cache vide
2025-10-03 08:24:00 ERROR echec d'ecriture dans /var/data
2025-10-03 08:27:00 INFO utilisateur alice deconnecte
2025-10-03 08:30:00 WARNING certificat expire dans 10 jours
2025-10-03 08:33:00 INFO sauvegarde terminee
2025-10-03 08:36:00 ERROR timeout vers le service adhesion
2025-10-03 08:39:00 DEBUG cache rempli
2025-10-03 08:42:00 ERROR echec d'ecriture dans /var/data
2025-10-03 08:45:00 INFO nouvelle requete /adhesion
2025-10-03 08:48:00 ERROR timeout vers le service adhesion
2025-10-03 08:51:00 DEBUG cache vide
2025-10-03 08:54:00 ERROR connexion refusee par la base
2025-10-03 08:57:00 WARNING disque a 91 pour cent
2025-10-03 09:00:00 ERROR timeout vers le service adhesion
2025-10-03 09:03:00 INFO arret de l'application
